.next/dev/types/validator.ts(909,31): error TS2344: Type 'typeof import("D:/pr1/example/app/api/master/countries/[id]/route")' does not satisfy the constraint 'RouteHandlerConfig<"/api/master/countries/[id]">'.
  Types of property 'PUT' are incompatible.
    Type '(req: Request, { params }: { params: { id: string; }; }) => Promise<NextResponse<{ message: string; }> | NextResponse<{ id: string; name: string; createdAt: Date; updatedAt: Date; code: string | null; isActive: boolean; }>>' is not assignable to type '(request: NextRequest, context: { params: Promise<{ id: string; }>; }) => void | Response | Promise<void | Response>'.
      Types of parameters '__1' and 'context' are incompatible.
        Type '{ params: Promise<{ id: string; }>; }' is not assignable to type '{ params: { id: string; }; }'.
          Types of property 'params' are incompatible.
            Property 'id' is missing in type 'Promise<{ id: string; }>' but required in type '{ id: string; }'.
app/(dashboard)/[role]/leads/[id]/page.tsx(1702,42): error TS2304: Cannot find name 'Loader2'.
app/api/leads/[id]/documents/route.ts(53,21): error TS2322: Type 'string | undefined' is not assignable to type 'string'.
  Type 'undefined' is not assignable to type 'string'.
app/api/master/courses/import/route.ts(12,56): error TS2345: Argument of type 'string | undefined' is not assignable to parameter of type 'string'.
  Type 'undefined' is not assignable to type 'string'.
app/api/master/courses/import/route.ts(75,56): error TS2345: Argument of type 'string | undefined' is not assignable to parameter of type 'string'.
  Type 'undefined' is not assignable to type 'string'.
app/api/master/courses/route.ts(73,56): error TS2345: Argument of type 'string | undefined' is not assignable to parameter of type 'string'.
  Type 'undefined' is not assignable to type 'string'.
app/api/students/[id]/account-details/route.ts(24,44): error TS2339: Property 'accountDetail' does not exist on type 'PrismaClient<PrismaClientOptions, never, DefaultArgs>'.
app/api/students/[id]/login-details/route.ts(24,42): error TS2339: Property 'loginDetail' does not exist on type 'PrismaClient<PrismaClientOptions, never, DefaultArgs>'.
app/dashboard/admin/master/courses/page.tsx(411,34): error TS2741: Property 'size' is missing in type '{ onClick: () => void; className: string; }' but required in type 'Pick<ButtonProps, "size">'.
app/dashboard/admin/master/courses/page.tsx(423,46): error TS2741: Property 'size' is missing in type '{ children: number; isActive: boolean; onClick: () => void; className: string; }' but required in type 'Pick<ButtonProps, "size">'.
app/dashboard/admin/master/courses/page.tsx(437,34): error TS2741: Property 'size' is missing in type '{ onClick: () => void; className: string; }' but required in type 'Pick<ButtonProps, "size">'.
components/dashboard/CreateLeadSheet.tsx(336,79): error TS2322: Type '(updater: Updater<ObjectValue<never, { firstName: string; lastName: string; phone: string; source: string; status: "NEW" | "UNDER_REVIEW" | "COUNSELLING_COMPLETED" | "COUNSELLING_SCHEDULED" | "INTERESTED" | ... 5 more ... | "CONVERTED"; ... 17 more ...; appointment?: { ...; } | undefined; }, "status">>) => void' is not assignable to type '(value: string) => void'.
  Types of parameters 'updater' and 'value' are incompatible.
    Type 'string' is not assignable to type 'Updater<ObjectValue<never, { firstName: string; lastName: string; phone: string; source: string; status: "NEW" | "UNDER_REVIEW" | "COUNSELLING_COMPLETED" | "COUNSELLING_SCHEDULED" | "INTERESTED" | ... 5 more ... | "CONVERTED"; ... 17 more ...; appointment?: { ...; } | undefined; }, "status">>'.
components/forms/StudentForm.tsx(76,13): error TS2322: Type 'ZodObject<{ phone: ZodString; email: ZodString; firstName: ZodString; lastName: ZodString; status: ZodDefault<ZodString>; savedAddresses: ZodArray<...>; imageUrl: ZodNullable<...>; }, $strip>' is not assignable to type 'FormValidateOrFn<{ phone: string; email: string; firstName: string; lastName: string; status: string; savedAddresses: SavedAddress[]; imageUrl: string | null; }> | undefined'.
  Type 'ZodObject<{ phone: ZodString; email: ZodString; firstName: ZodString; lastName: ZodString; status: ZodDefault<ZodString>; savedAddresses: ZodArray<...>; imageUrl: ZodNullable<...>; }, $strip>' is not assignable to type 'StandardSchemaV1<{ phone: string; email: string; firstName: string; lastName: string; status: string; savedAddresses: SavedAddress[]; imageUrl: string | null; }, unknown>'.
    The types of ''~standard'.types' are incompatible between these types.
      Type 'Types<{ phone: string; email: string; firstName: string; lastName: string; savedAddresses: { name: string; address: string; city: string; state: string; country: string; isDefault?: boolean | undefined; }[]; imageUrl: string | null; status?: string | undefined; }, { ...; }> | undefined' is not assignable to type 'StandardSchemaV1Types<{ phone: string; email: string; firstName: string; lastName: string; status: string; savedAddresses: SavedAddress[]; imageUrl: string | null; }, unknown> | undefined'.
        Type 'Types<{ phone: string; email: string; firstName: string; lastName: string; savedAddresses: { name: string; address: string; city: string; state: string; country: string; isDefault?: boolean | undefined; }[]; imageUrl: string | null; status?: string | undefined; }, { ...; }>' is not assignable to type 'StandardSchemaV1Types<{ phone: string; email: string; firstName: string; lastName: string; status: string; savedAddresses: SavedAddress[]; imageUrl: string | null; }, unknown>'.
          The types of 'input.status' are incompatible between these types.
            Type 'string | undefined' is not assignable to type 'string'.
              Type 'undefined' is not assignable to type 'string'.
components/ui/date-time-picker.tsx(120,17): error TS2322: Type 'DateValue[]' is not assignable to type 'string | Date | null | undefined'.
  Type 'DateValue[]' is missing the following properties from type 'Date': toDateString, toTimeString, toLocaleDateString, toLocaleTimeString, and 37 more.
components/ui/pagination.tsx(5,10): error TS2305: Module '"@/components/ui/button"' has no exported member 'ButtonProps'.
components/ui/pagination.tsx(68,9): error TS2783: 'size' is specified more than once, so this usage will be overwritten.
components/ui/pagination.tsx(84,9): error TS2783: 'size' is specified more than once, so this usage will be overwritten.
components/ui/slider.tsx(6,11): error TS2430: Interface 'SliderProps' incorrectly extends interface 'InputHTMLAttributes<HTMLInputElement>'.
  Types of property 'value' are incompatible.
    Type 'number[]' is not assignable to type 'string | number | readonly string[] | undefined'.
      Type 'number[]' is not assignable to type 'readonly string[]'.
        Type 'number' is not assignable to type 'string'.
scripts/debug_activity.ts(51,44): error TS2339: Property 'IN_PROGRESS' does not exist on type '{ NEW: "NEW"; UNDER_REVIEW: "UNDER_REVIEW"; CONTACTED: "CONTACTED"; COUNSELLING_SCHEDULED: "COUNSELLING_SCHEDULED"; COUNSELLING_COMPLETED: "COUNSELLING_COMPLETED"; FOLLOWUP_REQUIRED: "FOLLOWUP_REQUIRED"; ... 4 more ...; CONVERTED: "CONVERTED"; }'.
